To honour the JVM settings for this build a single-use Daemon process will be forked. For more on this, please refer to https://docs.gradle.org/9.4.1/userguide/gradle_daemon.html#sec:disabling_the_daemon in the Gradle documentation.
Daemon will be stopped at the end of the build 
Reusing configuration cache.
> Task :data:preBuild UP-TO-DATE
> Task :core:preBuild UP-TO-DATE
> Task :core:generateDebugAssets UP-TO-DATE
> Task :domain:generateDebugAssets UP-TO-DATE
> Task :app:generateDebugAssets UP-TO-DATE
> Task :domain:preBuild UP-TO-DATE
> Task :app:preBuild UP-TO-DATE
> Task :data:preDebugBuild UP-TO-DATE
> Task :data:generateDebugAssets UP-TO-DATE
> Task :core:preDebugBuild UP-TO-DATE
> Task :app:preDebugBuild UP-TO-DATE
> Task :domain:preDebugBuild UP-TO-DATE
> Task :app:mergeDebugNativeDebugMetadata NO-SOURCE
> Task :core:generateDebugResValues UP-TO-DATE
> Task :app:generateDebugResValues UP-TO-DATE
> Task :domain:processDebugNavigationResources UP-TO-DATE
> Task :domain:writeDebugAarMetadata UP-TO-DATE
> Task :core:writeDebugAarMetadata UP-TO-DATE
> Task :core:processDebugNavigationResources UP-TO-DATE
> Task :data:writeDebugAarMetadata UP-TO-DATE
> Task :core:generateDebugResources UP-TO-DATE
> Task :data:generateDebugResValues UP-TO-DATE
> Task :data:processDebugNavigationResources UP-TO-DATE
> Task :app:createDebugCompatibleScreenManifests UP-TO-DATE
> Task :domain:generateDebugResValues UP-TO-DATE
> Task :data:generateDebugResources UP-TO-DATE
> Task :domain:generateDebugResources UP-TO-DATE
> Task :app:extractDeepLinksDebug UP-TO-DATE
> Task :core:extractDeepLinksDebug UP-TO-DATE
> Task :app:generateDebugResources UP-TO-DATE
> Task :app:mapDebugSourceSetPaths UP-TO-DATE
> Task :data:extractDeepLinksDebug UP-TO-DATE
> Task :data:packageDebugResources UP-TO-DATE
> Task :core:packageDebugResources UP-TO-DATE
> Task :domain:extractDeepLinksDebug UP-TO-DATE
> Task :domain:packageDebugResources UP-TO-DATE
> Task :core:mapDebugSourceSetPaths UP-TO-DATE
> Task :data:processDebugManifest UP-TO-DATE
> Task :domain:processDebugManifest UP-TO-DATE
> Task :core:compileDebugLibraryResources UP-TO-DATE
> Task :data:mapDebugSourceSetPaths UP-TO-DATE
> Task :data:compileDebugLibraryResources UP-TO-DATE
> Task :core:processDebugManifest UP-TO-DATE
> Task :domain:mapDebugSourceSetPaths UP-TO-DATE
> Task :domain:compileDebugLibraryResources UP-TO-DATE
> Task :app:packageDebugResources UP-TO-DATE
> Task :core:javaPreCompileDebug UP-TO-DATE
> Task :data:javaPreCompileDebug UP-TO-DATE
> Task :domain:javaPreCompileDebug UP-TO-DATE
> Task :app:javaPreCompileDebug UP-TO-DATE
> Task :core:mergeDebugAssets UP-TO-DATE
> Task :data:mergeDebugAssets UP-TO-DATE
> Task :domain:mergeDebugAssets UP-TO-DATE
> Task :data:parseDebugLocalResources UP-TO-DATE
> Task :core:parseDebugLocalResources UP-TO-DATE
> Task :domain:parseDebugLocalResources UP-TO-DATE
> Task :data:generateDebugRFile UP-TO-DATE
> Task :domain:generateDebugRFile UP-TO-DATE
> Task :core:generateDebugRFile UP-TO-DATE
> Task :app:generateDebugGlobalSynthetics UP-TO-DATE
> Task :app:desugarDebugFileDependencies UP-TO-DATE
> Task :app:mergeDebugJniLibFolders UP-TO-DATE
> Task :core:mergeDebugJniLibFolders UP-TO-DATE
> Task :core:mergeDebugNativeLibs NO-SOURCE
> Task :core:copyDebugJniLibsProjectOnly UP-TO-DATE
> Task :data:mergeDebugJniLibFolders UP-TO-DATE
> Task :data:mergeDebugNativeLibs NO-SOURCE
> Task :data:copyDebugJniLibsProjectOnly UP-TO-DATE
> Task :domain:mergeDebugJniLibFolders UP-TO-DATE
> Task :domain:mergeDebugNativeLibs NO-SOURCE
> Task :domain:copyDebugJniLibsProjectOnly UP-TO-DATE
> Task :core:compileDebugKotlin UP-TO-DATE
> Task :core:compileDebugJavaWithJavac NO-SOURCE
> Task :core:bundleLibCompileToJarDebug UP-TO-DATE
> Task :data:kspDebugKotlin UP-TO-DATE
> Task :app:checkDebugDuplicateClasses UP-TO-DATE
> Task :data:compileDebugKotlin UP-TO-DATE
> Task :data:compileDebugJavaWithJavac NO-SOURCE
> Task :data:bundleLibCompileToJarDebug UP-TO-DATE
> Task :core:processDebugJavaRes UP-TO-DATE
> Task :data:processDebugJavaRes UP-TO-DATE
> Task :app:mergeDebugAssets UP-TO-DATE
> Task :app:mergeDebugResources UP-TO-DATE
> Task :app:compressDebugAssets UP-TO-DATE
> Task :core:bundleLibRuntimeToDirDebug UP-TO-DATE
> Task :data:bundleLibRuntimeToDirDebug UP-TO-DATE
> Task :app:mergeDebugNativeLibs UP-TO-DATE
> Task :data:bundleLibRuntimeToJarDebug UP-TO-DATE
> Task :core:bundleLibRuntimeToJarDebug UP-TO-DATE
> Task :app:stripDebugDebugSymbols UP-TO-DATE
> Task :app:validateSigningDebug UP-TO-DATE
> Task :app:preReleaseBuild UP-TO-DATE
> Task :app:writeDebugSigningConfigVersions UP-TO-DATE
> Task :app:writeDebugAppMetadata UP-TO-DATE
> Task :core:preReleaseBuild UP-TO-DATE
> Task :app:mergeReleaseJniLibFolders UP-TO-DATE
> Task :data:preReleaseBuild UP-TO-DATE
> Task :domain:preReleaseBuild UP-TO-DATE
> Task :core:mergeReleaseJniLibFolders UP-TO-DATE
> Task :data:mergeReleaseJniLibFolders UP-TO-DATE
> Task :domain:mergeReleaseJniLibFolders UP-TO-DATE
> Task :core:mergeReleaseNativeLibs NO-SOURCE
> Task :domain:mergeReleaseNativeLibs NO-SOURCE
> Task :data:mergeReleaseNativeLibs NO-SOURCE
> Task :data:copyReleaseJniLibsProjectOnly UP-TO-DATE
> Task :core:generateReleaseResValues UP-TO-DATE
> Task :core:copyReleaseJniLibsProjectOnly UP-TO-DATE
> Task :core:generateReleaseResources UP-TO-DATE
> Task :core:processReleaseNavigationResources UP-TO-DATE
> Task :domain:copyReleaseJniLibsProjectOnly UP-TO-DATE
> Task :core:javaPreCompileRelease UP-TO-DATE
> Task :data:generateReleaseResValues UP-TO-DATE
> Task :core:packageReleaseResources UP-TO-DATE
> Task :app:mergeReleaseNativeLibs UP-TO-DATE
> Task :app:stripReleaseDebugSymbols UP-TO-DATE
> Task :app:extractReleaseNativeSymbolTables UP-TO-DATE
> Task :app:mergeReleaseNativeDebugMetadata NO-SOURCE
> Task :core:parseReleaseLocalResources UP-TO-DATE
> Task :data:processReleaseNavigationResources UP-TO-DATE
> Task :data:javaPreCompileRelease UP-TO-DATE
> Task :data:generateReleaseResources UP-TO-DATE
> Task :core:generateReleaseRFile UP-TO-DATE
> Task :data:packageReleaseResources UP-TO-DATE
> Task :domain:generateReleaseResValues UP-TO-DATE
> Task :data:parseReleaseLocalResources UP-TO-DATE
> Task :domain:generateReleaseResources UP-TO-DATE
> Task :data:generateReleaseRFile UP-TO-DATE
> Task :domain:processReleaseNavigationResources UP-TO-DATE
> Task :domain:packageReleaseResources UP-TO-DATE
> Task :domain:javaPreCompileRelease UP-TO-DATE
> Task :domain:parseReleaseLocalResources UP-TO-DATE
> Task :core:compileReleaseKotlin UP-TO-DATE
> Task :domain:generateReleaseRFile UP-TO-DATE
> Task :core:compileReleaseJavaWithJavac NO-SOURCE
> Task :core:prepareReleaseArtProfile UP-TO-DATE
> Task :core:bundleLibCompileToJarRelease UP-TO-DATE
> Task :core:mergeReleaseGeneratedProguardFiles UP-TO-DATE
> Task :data:kspReleaseKotlin UP-TO-DATE
> Task :app:checkReleaseDuplicateClasses UP-TO-DATE
> Task :core:exportReleaseConsumerProguardFiles UP-TO-DATE
> Task :data:prepareReleaseArtProfile UP-TO-DATE
> Task :domain:prepareReleaseArtProfile UP-TO-DATE
> Task :app:processDebugMainManifest UP-TO-DATE
> Task :app:processDebugManifest UP-TO-DATE
> Task :app:processDebugManifestForPackage UP-TO-DATE
> Task :core:writeReleaseAarMetadata UP-TO-DATE
> Task :data:writeReleaseAarMetadata UP-TO-DATE
> Task :domain:writeReleaseAarMetadata UP-TO-DATE
> Task :app:checkReleaseAarMetadata UP-TO-DATE
> Task :app:generateReleaseResValues UP-TO-DATE
> Task :app:mapReleaseSourceSetPaths UP-TO-DATE
> Task :app:processReleaseNavigationResources UP-TO-DATE
> Task :app:compileReleaseNavigationResources UP-TO-DATE
> Task :app:generateReleaseResources UP-TO-DATE
> Task :app:checkDebugAarMetadata UP-TO-DATE
> Task :app:mergeExtDexDebug UP-TO-DATE
> Task :app:createReleaseCompatibleScreenManifests UP-TO-DATE
> Task :app:packageReleaseResources UP-TO-DATE
> Task :app:extractDeepLinksRelease UP-TO-DATE
> Task :app:processDebugNavigationResources UP-TO-DATE
> Task :app:mergeReleaseArtProfile UP-TO-DATE
> Task :app:mergeReleaseResources UP-TO-DATE
> Task :core:extractDeepLinksRelease UP-TO-DATE
> Task :app:compileDebugNavigationResources UP-TO-DATE
> Task :app:parseReleaseLocalResources UP-TO-DATE
> Task :app:parseDebugLocalResources UP-TO-DATE
> Task :data:extractDeepLinksRelease UP-TO-DATE
> Task :domain:extractDeepLinksRelease UP-TO-DATE
> Task :core:processReleaseManifest UP-TO-DATE
> Task :core:mapReleaseSourceSetPaths UP-TO-DATE
> Task :data:mapReleaseSourceSetPaths UP-TO-DATE
> Task :core:compileReleaseLibraryResources UP-TO-DATE
> Task :domain:processReleaseManifest UP-TO-DATE
> Task :data:processReleaseManifest UP-TO-DATE
> Task :data:compileReleaseLibraryResources UP-TO-DATE
> Task :domain:mapReleaseSourceSetPaths UP-TO-DATE
> Task :app:javaPreCompileRelease UP-TO-DATE
> Task :app:extractProguardFiles UP-TO-DATE
> Task :app:processReleaseMainManifest UP-TO-DATE
> Task :app:processReleaseManifest UP-TO-DATE
> Task :domain:compileReleaseLibraryResources UP-TO-DATE
> Task :app:processReleaseManifestForPackage UP-TO-DATE
> Task :app:mergeReleaseStartupProfile UP-TO-DATE
> Task :app:generateReleaseAssets UP-TO-DATE
> Task :core:generateReleaseAssets UP-TO-DATE
> Task :core:mergeReleaseAssets UP-TO-DATE
> Task :data:generateReleaseAssets UP-TO-DATE
> Task :data:mergeReleaseAssets UP-TO-DATE
> Task :domain:generateReleaseAssets UP-TO-DATE
> Task :domain:mergeReleaseAssets UP-TO-DATE
> Task :app:mergeReleaseAssets UP-TO-DATE
> Task :app:compressReleaseAssets UP-TO-DATE
> Task :app:extractReleaseVersionControlInfo UP-TO-DATE
> Task :core:extractProguardFiles UP-TO-DATE
> Task :core:bundleLibRuntimeToJarRelease
> Task :core:processReleaseJavaRes
> Task :core:prepareLintJarForPublish UP-TO-DATE
> Task :data:extractProguardFiles UP-TO-DATE
> Task :data:prepareLintJarForPublish UP-TO-DATE
> Task :domain:extractProguardFiles UP-TO-DATE
> Task :domain:prepareLintJarForPublish UP-TO-DATE
> Task :core:createFullJarRelease
> Task :data:stripReleaseDebugSymbols NO-SOURCE
> Task :data:copyReleaseJniLibsProjectAndLocalJars UP-TO-DATE
> Task :data:extractDeepLinksForAarRelease UP-TO-DATE
> Task :data:checkReleaseAarMetadata UP-TO-DATE
> Task :domain:checkReleaseAarMetadata UP-TO-DATE
> Task :domain:stripReleaseDebugSymbols NO-SOURCE
> Task :domain:copyReleaseJniLibsProjectAndLocalJars UP-TO-DATE
> Task :domain:extractDeepLinksForAarRelease UP-TO-DATE
> Task :data:extractReleaseAnnotations FROM-CACHE
> Task :core:checkReleaseAarMetadata UP-TO-DATE
> Task :core:stripReleaseDebugSymbols NO-SOURCE
> Task :core:copyReleaseJniLibsProjectAndLocalJars UP-TO-DATE
> Task :core:extractDeepLinksForAarRelease UP-TO-DATE
> Task :core:extractReleaseAnnotations UP-TO-DATE
> Task :domain:extractReleaseAnnotations
> Task :core:mergeReleaseConsumerProguardFiles
> Task :core:mergeReleaseJavaResource
> Task :core:generateReleaseLintModel
> Task :core:writeReleaseLintModelMetadata UP-TO-DATE
> Task :data:writeReleaseLintModelMetadata UP-TO-DATE
> Task :domain:writeReleaseLintModelMetadata UP-TO-DATE
> Task :core:generateReleaseLintVitalModel
> Task :app:collectReleaseDependencies UP-TO-DATE
> Task :app:sdkReleaseDependencyData UP-TO-DATE
> Task :app:writeReleaseAppMetadata UP-TO-DATE
> Task :app:writeReleaseSigningConfigVersions UP-TO-DATE

> Task :domain:compileDebugKotlin
.\gradlew : e: file:///C:/Users/Aki%20Wiksten/AndroidStudioProjects/AWTimesheet/domain/src/main/java/com/akiwiksten/awtimesheet/domain/repository/impl/ProjectDetailsRepositoryImpl.kt:10:36 Unresolved reference 'ProjectDetails
Dao'.
At line:1 char:63
+ ... tudioProjects\AWTimesheet" ; .\gradlew build --no-daemon 2>&1 | Tee-O ...
+                                  ~~~~~~~~~~~~~~~~~~~~~~~~~~~~~~~~
    + CategoryInfo          : NotSpecified: (e: file:///C:/U...ectDetailsDao'.:String) [], RemoteException
    + FullyQualifiedErrorId : NativeCommandError
 
e: file:///C:/Users/Aki%20Wiksten/AndroidStudioProjects/AWTimesheet/domain/src/main/java/com/akiwiksten/awtimesheet/domain/repository/impl/ProjectDetailsRepositoryImpl.kt:13:27 Unresolved reference 'loadProjectDetails'.
e: file:///C:/Users/Aki%20Wiksten/AndroidStudioProjects/AWTimesheet/domain/src/main/java/com/akiwiksten/awtimesheet/domain/repository/impl/ProjectDetailsRepositoryImpl.kt:16:27 Unresolved reference 'insertProjectDetails'.
e: file:///C:/Users/Aki%20Wiksten/AndroidStudioProjects/AWTimesheet/domain/src/main/java/com/akiwiksten/awtimesheet/domain/repository/impl/ProjectDetailsRepositoryImpl.kt:16:63 Unresolved reference 'toEntity'.
e: file:///C:/Users/Aki%20Wiksten/AndroidStudioProjects/AWTimesheet/domain/src/main/java/com/akiwiksten/awtimesheet/domain/repository/impl/ProjectDetailsRepositoryImpl.kt:19:27 Unresolved reference 'delete'.
e: file:///C:/Users/Aki%20Wiksten/AndroidStudioProjects/AWTimesheet/domain/src/main/java/com/akiwiksten/awtimesheet/domain/repository/impl/ProjectDetailsRepositoryImpl.kt:19:49 Unresolved reference 'toEntity'.
e: file:///C:/Users/Aki%20Wiksten/AndroidStudioProjects/AWTimesheet/domain/src/main/java/com/akiwiksten/awtimesheet/domain/repository/impl/ProjectDetailsRepositoryImpl.kt:22:27 Unresolved reference 'getProjectDetailsByDateRan
ge'.
e: file:///C:/Users/Aki%20Wiksten/AndroidStudioProjects/AWTimesheet/domain/src/main/java/com/akiwiksten/awtimesheet/domain/repository/impl/ProjectDetailsRepositoryImpl.kt:22:74 Unresolved reference 'it'.

> Task :domain:compileDebugKotlin FAILED

> Task :domain:compileReleaseKotlin FAILED
e: file:///C:/Users/Aki%20Wiksten/AndroidStudioProjects/AWTimesheet/domain/src/main/java/com/akiwiksten/awtimesheet/domain/repository/impl/ProjectDetailsRepositoryImpl.kt:10:36 Unresolved reference 'ProjectDetailsDao'.
e: file:///C:/Users/Aki%20Wiksten/AndroidStudioProjects/AWTimesheet/domain/src/main/java/com/akiwiksten/awtimesheet/domain/repository/impl/ProjectDetailsRepositoryImpl.kt:13:27 Unresolved reference 'loadProjectDetails'.
e: file:///C:/Users/Aki%20Wiksten/AndroidStudioProjects/AWTimesheet/domain/src/main/java/com/akiwiksten/awtimesheet/domain/repository/impl/ProjectDetailsRepositoryImpl.kt:16:27 Unresolved reference 'insertProjectDetails'.
e: file:///C:/Users/Aki%20Wiksten/AndroidStudioProjects/AWTimesheet/domain/src/main/java/com/akiwiksten/awtimesheet/domain/repository/impl/ProjectDetailsRepositoryImpl.kt:16:63 Unresolved reference 'toEntity'.
e: file:///C:/Users/Aki%20Wiksten/AndroidStudioProjects/AWTimesheet/domain/src/main/java/com/akiwiksten/awtimesheet/domain/repository/impl/ProjectDetailsRepositoryImpl.kt:19:27 Unresolved reference 'delete'.
e: file:///C:/Users/Aki%20Wiksten/AndroidStudioProjects/AWTimesheet/domain/src/main/java/com/akiwiksten/awtimesheet/domain/repository/impl/ProjectDetailsRepositoryImpl.kt:19:49 Unresolved reference 'toEntity'.
e: file:///C:/Users/Aki%20Wiksten/AndroidStudioProjects/AWTimesheet/domain/src/main/java/com/akiwiksten/awtimesheet/domain/repository/impl/ProjectDetailsRepositoryImpl.kt:22:27 Unresolved reference 'getProjectDetailsByDateRan
ge'.
e: file:///C:/Users/Aki%20Wiksten/AndroidStudioProjects/AWTimesheet/domain/src/main/java/com/akiwiksten/awtimesheet/domain/repository/impl/ProjectDetailsRepositoryImpl.kt:22:74 Unresolved reference 'it'.

> Task :data:compileReleaseKotlin
> Task :core:syncReleaseLibJars
> Task :app:processDebugResources UP-TO-DATE
> Task :app:processReleaseResources
> Task :core:lintVitalAnalyzeRelease
> Task :app:detekt
C:\Users\Aki Wiksten\AndroidStudioProjects\AWTimesheet\app\src\main\java\com\akiwiksten\awtimesheet\AWTimesheetApp.kt:1:1: File must end with a newline (\n) [FinalNewline]
C:\Users\Aki Wiksten\AndroidStudioProjects\AWTimesheet\app\src\main\java\com\akiwiksten\awtimesheet\di\DatabaseModule.kt:3:1: Imports must be ordered in lexicographic order without any empty lines in-between with "java", "javax", "kotlin" and aliases in the end [ImportOrdering]
C:\Users\Aki Wiksten\AndroidStudioProjects\AWTimesheet\app\src\main\java\com\akiwiksten\awtimesheet\feature\project_details\components\ProjectDetailsComponents.kt:1:9: Package name must not contain underscore [PackageName]
C:\Users\Aki Wiksten\AndroidStudioProjects\AWTimesheet\app\src\main\java\com\akiwiksten\awtimesheet\feature\project_details\components\ProjectDetailsSections.kt:1:9: Package name must not contain underscore [PackageName]
C:\Users\Aki Wiksten\AndroidStudioProjects\AWTimesheet\app\src\main\java\com\akiwiksten\awtimesheet\feature\project_details\components\ProjectDetailsStateViews.kt:1:9: Package name must not contain underscore [PackageName]
C:\Users\Aki Wiksten\AndroidStudioProjects\AWTimesheet\app\src\main\java\com\akiwiksten\awtimesheet\feature\project_details\ProjectDetailsDataClasses.kt:1:9: Package name must not contain underscore [PackageName]
C:\Users\Aki Wiksten\AndroidStudioProjects\AWTimesheet\app\src\main\java\com\akiwiksten\awtimesheet\feature\project_details\ProjectDetailsHelpers.kt:1:9: Package name must not contain underscore [PackageName]
C:\Users\Aki Wiksten\AndroidStudioProjects\AWTimesheet\app\src\main\java\com\akiwiksten\awtimesheet\feature\project_details\ProjectDetailsScreen.kt:1:9: Package name must not contain underscore [PackageName]
C:\Users\Aki Wiksten\AndroidStudioProjects\AWTimesheet\app\src\main\java\com\akiwiksten\awtimesheet\feature\project_details\ProjectDetailsScreenPreview.kt:1:9: Package name must not contain underscore [PackageName]
C:\Users\Aki Wiksten\AndroidStudioProjects\AWTimesheet\app\src\main\java\com\akiwiksten\awtimesheet\feature\project_details\ProjectDetailsUiMapper.kt:1:9: Package name must not contain underscore [PackageName]
C:\Users\Aki Wiksten\AndroidStudioProjects\AWTimesheet\app\src\main\java\com\akiwiksten\awtimesheet\feature\project_details\ProjectDetailsViewModel.kt:1:9: Package name must not contain underscore [PackageName]
C:\Users\Aki Wiksten\AndroidStudioProjects\AWTimesheet\app\src\main\java\com\akiwiksten\awtimesheet\feature\single_project\components\SingleProjectScreenComponents.kt:1:9: Package name must not contain underscore [PackageName]
C:\Users\Aki Wiksten\AndroidStudioProjects\AWTimesheet\app\src\main\java\com\akiwiksten\awtimesheet\feature\single_project\SingleProjectScreen.kt:1:9: Package name must not contain underscore [PackageName]
C:\Users\Aki Wiksten\AndroidStudioProjects\AWTimesheet\app\src\main\java\com\akiwiksten\awtimesheet\feature\single_project\SingleProjectScreenPreview.kt:1:9: Package name must not contain underscore [PackageName]
C:\Users\Aki Wiksten\AndroidStudioProjects\AWTimesheet\app\src\main\java\com\akiwiksten\awtimesheet\feature\single_project\SingleProjectStateResolver.kt:1:9: Package name must not contain underscore [PackageName]
C:\Users\Aki Wiksten\AndroidStudioProjects\AWTimesheet\app\src\main\java\com\akiwiksten\awtimesheet\feature\single_project\SingleProjectValidation.kt:1:9: Package name must not contain underscore [PackageName]
C:\Users\Aki Wiksten\AndroidStudioProjects\AWTimesheet\app\src\main\java\com\akiwiksten\awtimesheet\feature\single_project\SingleProjectViewModel.kt:1:9: Package name must not contain underscore [PackageName]
C:\Users\Aki Wiksten\AndroidStudioProjects\AWTimesheet\app\src\main\java\com\akiwiksten\awtimesheet\MainActivity.kt:1:1: File must end with a newline (\n) [FinalNewline]
C:\Users\Aki Wiksten\AndroidStudioProjects\AWTimesheet\app\src\main\java\com\akiwiksten\awtimesheet\navigation\AppNavigation.kt:3:1: Imports must be ordered in lexicographic order without any empty lines in-between with "java", "javax", "kotlin" and aliases in the end [ImportOrdering]
C:\Users\Aki Wiksten\AndroidStudioProjects\AWTimesheet\app\src\test\java\com\akiwiksten\awtimesheet\feature\projects\single\SingleProjectScreenStateResolverTest.kt:83:22: Argument should be on a separate line (unless all arguments can fit a single line) [ArgumentListWrapping]
C:\Users\Aki Wiksten\AndroidStudioProjects\AWTimesheet\app\src\test\java\com\akiwiksten\awtimesheet\feature\projects\single\SingleProjectScreenStateResolverTest.kt:86:22: Argument should be on a separate line (unless all arguments can fit a single line) [ArgumentListWrapping]
C:\Users\Aki Wiksten\AndroidStudioProjects\AWTimesheet\app\src\test\java\com\akiwiksten\awtimesheet\feature\projects\single\SingleProjectScreenStateResolverTest.kt:89:22: Argument should be on a separate line (unless all arguments can fit a single line) [ArgumentListWrapping]
C:\Users\Aki Wiksten\AndroidStudioProjects\AWTimesheet\app\src\test\java\com\akiwiksten\awtimesheet\feature\projects\single\SingleProjectScreenStateResolverTest.kt:98:22: Argument should be on a separate line (unless all arguments can fit a single line) [ArgumentListWrapping]
C:\Users\Aki Wiksten\AndroidStudioProjects\AWTimesheet\app\src\test\java\com\akiwiksten\awtimesheet\feature\projects\single\SingleProjectScreenStateResolverTest.kt:101:22: Argument should be on a separate line (unless all arguments can fit a single line) [ArgumentListWrapping]
C:\Users\Aki Wiksten\AndroidStudioProjects\AWTimesheet\app\src\test\java\com\akiwiksten\awtimesheet\feature\projects\single\SingleProjectScreenStateResolverTest.kt:83:22: Missing newline after "(" [Wrapping]
C:\Users\Aki Wiksten\AndroidStudioProjects\AWTimesheet\app\src\test\java\com\akiwiksten\awtimesheet\feature\projects\single\SingleProjectScreenStateResolverTest.kt:86:22: Missing newline after "(" [Wrapping]
C:\Users\Aki Wiksten\AndroidStudioProjects\AWTimesheet\app\src\test\java\com\akiwiksten\awtimesheet\feature\projects\single\SingleProjectScreenStateResolverTest.kt:89:22: Missing newline after "(" [Wrapping]
C:\Users\Aki Wiksten\AndroidStudioProjects\AWTimesheet\app\src\test\java\com\akiwiksten\awtimesheet\feature\projects\single\SingleProjectScreenStateResolverTest.kt:98:22: Missing newline after "(" [Wrapping]
C:\Users\Aki Wiksten\AndroidStudioProjects\AWTimesheet\app\src\test\java\com\akiwiksten\awtimesheet\feature\projects\single\SingleProjectScreenStateResolverTest.kt:101:22: Missing newline after "(" [Wrapping]
C:\Users\Aki Wiksten\AndroidStudioProjects\AWTimesheet\app\src\main\java\com\akiwiksten\awtimesheet\feature\project_details\components\ProjectDetailsComponents.kt:1:1: Package name should match the pattern: [a-z]+(\.[a-z][A-Za-z0-9]*)* [PackageNaming]
C:\Users\Aki Wiksten\AndroidStudioProjects\AWTimesheet\app\src\main\java\com\akiwiksten\awtimesheet\feature\project_details\components\ProjectDetailsSections.kt:1:1: Package name should match the pattern: [a-z]+(\.[a-z][A-Za-z0-9]*)* [PackageNaming]
C:\Users\Aki Wiksten\AndroidStudioProjects\AWTimesheet\app\src\main\java\com\akiwiksten\awtimesheet\feature\project_details\components\ProjectDetailsStateViews.kt:1:1: Package name should match the pattern: [a-z]+(\.[a-z][A-Za-z0-9]*)* [PackageNaming]
C:\Users\Aki Wiksten\AndroidStudioProjects\AWTimesheet\app\src\main\java\com\akiwiksten\awtimesheet\feature\project_details\ProjectDetailsDataClasses.kt:1:1: Package name should match the pattern: [a-z]+(\.[a-z][A-Za-z0-9]*)* [PackageNaming]
C:\Users\Aki Wiksten\AndroidStudioProjects\AWTimesheet\app\src\main\java\com\akiwiksten\awtimesheet\feature\project_details\ProjectDetailsHelpers.kt:1:1: Package name should match the pattern: [a-z]+(\.[a-z][A-Za-z0-9]*)* [PackageNaming]
C:\Users\Aki Wiksten\AndroidStudioProjects\AWTimesheet\app\src\main\java\com\akiwiksten\awtimesheet\feature\project_details\ProjectDetailsScreen.kt:1:1: Package name should match the pattern: [a-z]+(\.[a-z][A-Za-z0-9]*)* [PackageNaming]
C:\Users\Aki Wiksten\AndroidStudioProjects\AWTimesheet\app\src\main\java\com\akiwiksten\awtimesheet\feature\project_details\ProjectDetailsScreenPreview.kt:1:1: Package name should match the pattern: [a-z]+(\.[a-z][A-Za-z0-9]*)* [PackageNaming]
C:\Users\Aki Wiksten\AndroidStudioProjects\AWTimesheet\app\src\main\java\com\akiwiksten\awtimesheet\feature\project_details\ProjectDetailsUiMapper.kt:1:1: Package name should match the pattern: [a-z]+(\.[a-z][A-Za-z0-9]*)* [PackageNaming]
C:\Users\Aki Wiksten\AndroidStudioProjects\AWTimesheet\app\src\main\java\com\akiwiksten\awtimesheet\feature\project_details\ProjectDetailsViewModel.kt:1:1: Package name should match the pattern: [a-z]+(\.[a-z][A-Za-z0-9]*)* [PackageNaming]
C:\Users\Aki Wiksten\AndroidStudioProjects\AWTimesheet\app\src\main\java\com\akiwiksten\awtimesheet\feature\single_project\components\SingleProjectScreenComponents.kt:1:1: Package name should match the pattern: [a-z]+(\.[a-z][A-Za-z0-9]*)* [PackageNaming]
C:\Users\Aki Wiksten\AndroidStudioProjects\AWTimesheet\app\src\main\java\com\akiwiksten\awtimesheet\feature\single_project\SingleProjectScreen.kt:1:1: Package name should match the pattern: [a-z]+(\.[a-z][A-Za-z0-9]*)* [PackageNaming]
C:\Users\Aki Wiksten\AndroidStudioProjects\AWTimesheet\app\src\main\java\com\akiwiksten\awtimesheet\feature\single_project\SingleProjectScreenPreview.kt:1:1: Package name should match the pattern: [a-z]+(\.[a-z][A-Za-z0-9]*)* [PackageNaming]
C:\Users\Aki Wiksten\AndroidStudioProjects\AWTimesheet\app\src\main\java\com\akiwiksten\awtimesheet\feature\single_project\SingleProjectStateResolver.kt:1:1: Package name should match the pattern: [a-z]+(\.[a-z][A-Za-z0-9]*)* [PackageNaming]
C:\Users\Aki Wiksten\AndroidStudioProjects\AWTimesheet\app\src\main\java\com\akiwiksten\awtimesheet\feature\single_project\SingleProjectValidation.kt:1:1: Package name should match the pattern: [a-z]+(\.[a-z][A-Za-z0-9]*)* [PackageNaming]
C:\Users\Aki Wiksten\AndroidStudioProjects\AWTimesheet\app\src\main\java\com\akiwiksten\awtimesheet\feature\single_project\SingleProjectViewModel.kt:1:1: Package name should match the pattern: [a-z]+(\.[a-z][A-Za-z0-9]*)* [PackageNaming]
C:\Users\Aki Wiksten\AndroidStudioProjects\AWTimesheet\app\src\main\java\com\akiwiksten\awtimesheet\AWTimesheetApp.kt:27:2: The file C:\Users\Aki Wiksten\AndroidStudioProjects\AWTimesheet\app\src\main\java\com\akiwiksten\awtimesheet\AWTimesheetApp.kt is not ending with a new line. [NewLineAtEndOfFile]
C:\Users\Aki Wiksten\AndroidStudioProjects\AWTimesheet\app\src\main\java\com\akiwiksten\awtimesheet\MainActivity.kt:22:2: The file C:\Users\Aki Wiksten\AndroidStudioProjects\AWTimesheet\app\src\main\java\com\akiwiksten\awtimesheet\MainActivity.kt is not ending with a new line. [NewLineAtEndOfFile]


> Task :app:detekt FAILED

FAILURE: Build completed with 3 failures.

202 actionable tasks: 15 executed, 1 from cache, 186 up-to-date
1: Task failed with an exception.
-----------
* What went wrong:
Execution failed for task ':domain:compileDebugKotlin'.
> A failure occurred while executing org.jetbrains.kotlin.compilerRunner.btapi.BuildToolsApiCompilationWork
   > Compilation error. See log for more details

* Try:
> Run with --stacktrace option to get the stack trace.
> Run with --info or --debug option to get more log output.
> Run with --scan to get full insights from a Build Scan (powered by Develocity).
> Get more help at https://help.gradle.org.
==============================================================================

2: Task failed with an exception.
-----------
* What went wrong:
Execution failed for task ':domain:compileReleaseKotlin'.
> A failure occurred while executing org.jetbrains.kotlin.compilerRunner.btapi.BuildToolsApiCompilationWork
   > Compilation error. See log for more details

* Try:
> Run with --stacktrace option to get the stack trace.
> Run with --info or --debug option to get more log output.
> Run with --scan to get full insights from a Build Scan (powered by Develocity).
> Get more help at https://help.gradle.org.
==============================================================================

3: Task failed with an exception.
-----------
* What went wrong:
Execution failed for task ':app:detekt'.
> Analysis failed with 46 weighted issues.

* Try:
> Run with --stacktrace option to get the stack trace.
> Run with --info or --debug option to get more log output.
> Run with --scan to get full insights from a Build Scan (powered by Develocity).
> Get more help at https://help.gradle.org.
==============================================================================

BUILD FAILED in 1m 7s
Configuration cache entry reused.
